
> frontend@0.1.0 start
> react-scripts start

Starting the development server...

Compiled successfully!

You can now view frontend in the browser.

  Local:            http://localhost:3000
  On Your Network:  http://10.238.76.4:3000

Note that the development build is not optimized.
To create a production build, use npm run build.

webpack compiled [1m[32msuccessfully[39m[22m
Compiling...
Failed to compile.

Module not found: Error: Can't resolve './pages/Home' in 'C:\Users\ELCOT\RightToKnow\frontend\src'
[1m[31mERROR[39m[22m in [1m./src/App.js[39m[22m [1m[32m13:0-32[39m[22m
[1mModule [1m[31mnot found[39m[22m[1m: [1m[31mError[39m[22m[1m: Can't resolve './pages/Home' in 'C:\Users\ELCOT\RightToKnow\frontend\src'[39m[22m

webpack compiled with [1m[31m1 error[39m[22m
Compiling...
Failed to compile.

Module not found: Error: Can't resolve './pages/Home' in 'C:\Users\ELCOT\RightToKnow\frontend\src'
[1m[31mERROR[39m[22m in [1m./src/App.js[39m[22m [1m[32m13:0-32[39m[22m
[1mModule [1m[31mnot found[39m[22m[1m: [1m[31mError[39m[22m[1m: Can't resolve './pages/Home' in 'C:\Users\ELCOT\RightToKnow\frontend\src'[39m[22m

webpack compiled with [1m[31m1 error[39m[22m
Compiling...
Compiled successfully!
webpack compiled [1m[32msuccessfully[39m[22m
Compiling...
Failed to compile.

Module not found: Error: Can't resolve '../components/Navbar' in 'C:\Users\ELCOT\RightToKnow\frontend\src\pages'
[1m[31mERROR[39m[22m in [1m./src/pages/FAQ.jsx[39m[22m [1m[32m4:0-42[39m[22m
[1mModule [1m[31mnot found[39m[22m[1m: [1m[31mError[39m[22m[1m: Can't resolve '../components/Navbar' in 'C:\Users\ELCOT\RightToKnow\frontend\src\pages'[39m[22m

[1m[31mERROR[39m[22m in [1m./src/pages/Guidelines.jsx[39m[22m [1m[32m4:0-42[39m[22m
[1mModule [1m[31mnot found[39m[22m[1m: [1m[31mError[39m[22m[1m: Can't resolve '../components/Navbar' in 'C:\Users\ELCOT\RightToKnow\frontend\src\pages'[39m[22m

[1m[31mERROR[39m[22m in [1m./src/pages/Home.jsx[39m[22m [1m[32m6:0-42[39m[22m
[1mModule [1m[31mnot found[39m[22m[1m: [1m[31mError[39m[22m[1m: Can't resolve '../components/Navbar' in 'C:\Users\ELCOT\RightToKnow\frontend\src\pages'[39m[22m

[1m[31mERROR[39m[22m in [1m./src/pages/SmartRtiWizard.jsx[39m[22m [1m[32m8:0-42[39m[22m
[1mModule [1m[31mnot found[39m[22m[1m: [1m[31mError[39m[22m[1m: Can't resolve '../components/Navbar' in 'C:\Users\ELCOT\RightToKnow\frontend\src\pages'[39m[22m

[1m[31mERROR[39m[22m in [1m./src/pages/TrackApplication.jsx[39m[22m [1m[32m8:0-42[39m[22m
[1mModule [1m[31mnot found[39m[22m[1m: [1m[31mError[39m[22m[1m: Can't resolve '../components/Navbar' in 'C:\Users\ELCOT\RightToKnow\frontend\src\pages'[39m[22m

webpack compiled with [1m[31m5 errors[39m[22m
Compiling...
Failed to compile.

Module not found: Error: Can't resolve '../components/Navbar' in 'C:\Users\ELCOT\RightToKnow\frontend\src\pages'
[1m[31mERROR[39m[22m in [1m./src/pages/FAQ.jsx[39m[22m [1m[32m4:0-42[39m[22m
[1mModule [1m[31mnot found[39m[22m[1m: [1m[31mError[39m[22m[1m: Can't resolve '../components/Navbar' in 'C:\Users\ELCOT\RightToKnow\frontend\src\pages'[39m[22m

[1m[31mERROR[39m[22m in [1m./src/pages/Guidelines.jsx[39m[22m [1m[32m4:0-42[39m[22m
[1mModule [1m[31mnot found[39m[22m[1m: [1m[31mError[39m[22m[1m: Can't resolve '../components/Navbar' in 'C:\Users\ELCOT\RightToKnow\frontend\src\pages'[39m[22m

[1m[31mERROR[39m[22m in [1m./src/pages/Home.jsx[39m[22m [1m[32m6:0-42[39m[22m
[1mModule [1m[31mnot found[39m[22m[1m: [1m[31mError[39m[22m[1m: Can't resolve '../components/Navbar' in 'C:\Users\ELCOT\RightToKnow\frontend\src\pages'[39m[22m

[1m[31mERROR[39m[22m in [1m./src/pages/SmartRtiWizard.jsx[39m[22m [1m[32m8:0-42[39m[22m
[1mModule [1m[31mnot found[39m[22m[1m: [1m[31mError[39m[22m[1m: Can't resolve '../components/Navbar' in 'C:\Users\ELCOT\RightToKnow\frontend\src\pages'[39m[22m

[1m[31mERROR[39m[22m in [1m./src/pages/TrackApplication.jsx[39m[22m [1m[32m8:0-42[39m[22m
[1mModule [1m[31mnot found[39m[22m[1m: [1m[31mError[39m[22m[1m: Can't resolve '../components/Navbar' in 'C:\Users\ELCOT\RightToKnow\frontend\src\pages'[39m[22m

webpack compiled with [1m[31m5 errors[39m[22m
Compiling...
Compiled successfully!
webpack compiled [1m[32msuccessfully[39m[22m
